
Running describe_proteomics.py
D:\合作\张万军\多环境样本biomarker发现\descriptive\describe_proteomics.py:110: MatplotlibDeprecationWarning: vert: bool was deprecated in Matplotlib 3.11 and will be removed in 3.13. Use orientation: {'vertical', 'horizontal'} instead.
  bp=ax.boxplot(groups,vert=False,patch_artist=True,widths=.55,showfliers=True,flierprops={'markersize':2},medianprops={'color':'black','linewidth':.9})
{
  "mapping_check": "PASS: headers, positions, metadata fields and bijection checked",
  "protein_group_rows": 3817,
  "samples": 519,
  "total_cells": 1981023,
  "original_null_cells": 891322,
  "non_numeric_cells": 0,
  "zero_cells": 0,
  "negative_cells": 0,
  "infinite_cells": 0,
  "missing_cells": 891322,
  "missing_pct": 44.99301623454144,
  "detected_at_least_once": 3817,
  "detected_in_all_samples": 481,
  "never_detected": 0,
  "processed.xlsx_sha256": "82d265efb36af83c654835775f848b4dfd512f1fe4ca687a62c0e0837d3480d4",
  "sample_mapping_FINAL.xlsx_sha256": "5a6a54ccc4ea901d0dbc31e271661d4e5214b3ec00edf3022cb166cfebd652c9"
}
        category  samples  detected_any  detected_ge50pct  detected_ge80pct  detected_all  missing_pct  sample_detected_median  sample_detected_q25  sample_detected_q75  sample_detected_min  sample_detected_max
     high_stress      239          3815              2040              1323           569    43.666574                  2086.0              1806.00               2426.5                 1258                 3463
high_temperature      280          3810              1965              1291           524    46.125229                  2022.5              1784.75               2241.0                 1053                 3292
category  samples  detected_any  detected_ge50pct  detected_ge80pct  detected_all  missing_pct  sample_detected_median  sample_detected_q25  sample_detected_q75  sample_detected_min  sample_detected_max
   FJ_FQ       70          3713              1948              1392           681    46.586324                  2071.0              1870.00              2212.50                 1199                 2913
   FJ_PT       26          3723              2690              2083          1376    30.398420                  2652.0              2511.50              2791.75                 2159                 3106
   FJ_QZ       61          3686              2061              1556           891    43.937604                  2127.0              2023.00              2256.00                 1670                 2737
   GZ_TH      123          3774              1741              1177           570    50.272103                  1836.0              1638.50              2023.50                 1053                 3292
   XZ_GG      143          3790              1837              1226           600    48.297733                  1890.0              1711.50              2176.00                 1258                 3140
   XZ_YA       22          3643              2422              1654           984    37.783123                  2345.5              2100.50              2659.75                 1618                 3051
   XZ_YB       12          3591              2638              1994          1521    32.896690                  2530.5              2358.75              2638.50                 2257                 3224
   XZ_YC       34          3693              2320              1615           910    39.180755                  2298.0              2093.25              2480.00                 1465                 3071
   XZ_YD       28          3781              2479              1647           992    34.700026                  2340.5              2091.00              2949.25                 1703                 3463

Running detection_gradient.py
   地区  样本数  ≥50%  ≥60%  ≥70%  ≥80%  ≥90%  ≥100%
XZ_GG  143  1837  1625  1407  1226   994    600
XZ_YA   22  2422  2103  1892  1654  1404    984
XZ_YB   12  2638  2285  2158  1994  1805   1521
XZ_YC   34  2320  2051  1877  1615  1387    910
XZ_YD   28  2479  2181  1904  1647  1307    992
FJ_FQ   70  1948  1768  1596  1392  1161    681
FJ_PT   26  2690  2477  2255  2083  1793   1376
FJ_QZ   61  2061  1902  1735  1556  1326    891
GZ_TH  123  1741  1525  1346  1177   984    570
              环境  样本数  ≥50%  ≥60%  ≥70%  ≥80%  ≥90%  ≥100%
     high_stress  239  2040  1801  1555  1323  1052    569
high_temperature  280  1965  1743  1512  1291  1048    524
level  threshold_pct  groups  all_groups_meet_threshold  any_group_meets_threshold
group             50       9                       1538                       2960
group             60       9                       1355                       2679
group             70       9                       1192                       2493
group             80       9                       1040                       2301
group             90       9                        848                       2054
group            100       9                        481                       1701

Running design_composition.py
TREAT1_clean  control  low  high  unknown
group                                    
FJ_FQ              13   24    32        1
FJ_PT               4   10    12        0
FJ_QZ              32   18    11        0
GZ_TH              46   31    46        0
XZ_GG              30   66    46        1
XZ_YA               2   19     1        0
XZ_YB              10    0     0        2
XZ_YC               6    7    21        0
XZ_YD              10   11     7        0
TREAT1_clean    control  low  high  unknown
MS_batch_proxy                             
20250913             28   14     8        0
20250914             10   24    35        1
20251001             34   45    37        2
20251026              5    4     3        0
20251104              0    1     1        0
20251107              0    1     0        0
20260527             30   66    46        1
20260717             46   31    46        0
MS_batch_proxy  20250913  20250914  20251001  20251026  20251104  20251107  20260527  20260717
group                                                                                         
FJ_FQ                  0        45        23         0         2         0         0         0
FJ_PT                  0        25         0         1         0         0         0         0
FJ_QZ                 50         0         0        11         0         0         0         0
GZ_TH                  0         0         0         0         0         0         0       123
XZ_GG                  0         0         0         0         0         0       143         0
XZ_YA                  0         0        22         0         0         0         0         0
XZ_YB                  0         0        12         0         0         0         0         0
XZ_YC                  0         0        34         0         0         0         0         0
XZ_YD                  0         0        27         0         0         1         0         0

Running complete_four_layers.py
       说明  protein_groups
全局检出率≥80%            1305
全局检出率≥90%            1030
每个地区均≥50%            1538
每个地区均≥80%            1040
两个环境均≥80%            1212
  level category  samples  detected_at_least_one_sample    1   10   20   30   40   50   60   70   80   90  100
overall  Overall      519                          3817 3789 3420 2948 2560 2240 2003 1760 1510 1305 1030  481
 groups_meeting_threshold  protein_groups_ge50pct  protein_groups_ge80pct  protein_groups_ge90pct
                        0                     857                    1516                    1763
                        1                     252                     310                     294
                        2                     197                     204                     214
                        3                     129                     123                     143
                        4                     148                      94                     115
                        5                     147                     109                      97
                        6                     123                     117                      91
                        7                     212                     158                     129
                        8                     214                     146                     123
                        9                    1538                    1040                     848
PASS: all 519 samples and 3817 protein groups retained; counts and thresholds reconciled.

Running dose_quantitative_filtering.py

============================================================
DOSE-WISE QUANTITATIVE FILTERING
============================================================

Dose sample counts:
   dose  samples
control      153
    low      186
   high      176

Exact threshold requirements:
 threshold_pct    dose  samples  minimum_detected_samples  effective_minimum_pct
            50 control      153                        77              50.326797
            50     low      186                        93              50.000000
            50    high      176                        88              50.000000
            60 control      153                        92              60.130719
            60     low      186                       112              60.215054
            60    high      176                       106              60.227273
            70 control      153                       108              70.588235
            70     low      186                       131              70.430108
            70    high      176                       124              70.454545
            80 control      153                       123              80.392157
            80     low      186                       149              80.107527
            80    high      176                       141              80.113636

Protein-set summary:
 threshold_pct  protein_groups  dose_defined_samples  total_cells  missing_cells  missing_pct  is_primary  control_samples  control_missing_pct  control_median_detection_pct  low_samples  low_missing_pct  low_median_detection_pct  high_samples  high_missing_pct  high_median_detection_pct
            50            1935                   515       996525         141537    14.203056       False              153            13.789330                     93.464052          186        13.370843                 93.010753           176         15.442213                  90.909091
            60            1670                   515       860050          84700     9.848265       False              153             9.437987                     96.732026          186         9.124976                 96.236559           176         10.969311                  94.886364
            70            1434                   515       738510          46443     6.288744        True              153             5.902863                     98.692810          186         5.693901                 98.387097           176          7.252837                  97.159091
            80            1214                   515       625210          22492     3.597511       False              153             3.271743                     99.346405          186         3.179306                 99.462366           176          4.322675                  98.863636

============================================================
PRIMARY SET
============================================================
Rule: control / low / high EACH >= 70% detection
Primary proteins: 1434
Missing values: RETAINED AS NA
Imputation: NONE
NA -> 0: NO

PASS: dose-wise filtering completed and validated.
